Testing Knob with AST engine...
Render Result:

<h1>Hello World</h1>

  <p>This is a test description.</p>


<ul>

  <li>Alice (Admin)</li>

  <li>Bob </li>

</ul>

SUCCESS: Rendered correctly.
